[punezp.mkcl.org/index.html]
[punezp.mkcl.org/images/favicon.png]
[backblue.gif]
[fade.gif]
[index.html]
[cdnjs.cloudflare.com/ajax/libs/MaterialDesign-Webfont/4.7.95/css/materialdesignicons.css]
[punezp.mkcl.org/images/emblem.png]
[punezp.mkcl.org/images/logo.png]
[punezp.mkcl.org/images/Seal_of_Maharashtra.png]
[punezp.mkcl.org/about-district.html]
[punezp.mkcl.org/zp/about-zp.html]
[punezp.mkcl.org/zp/prashasan.html]
[punezp.mkcl.org/zp/zp-adhiniyam.html]
[punezp.mkcl.org/zp/manyavar.html]
[punezp.mkcl.org/zp/navinyapurna-upakram.html]
[punezp.mkcl.org/zp/suchi.html]
[punezp.mkcl.org/zp/budget.html]
[punezp.mkcl.org/departments-schemes/samanya-prashasan.html]
[punezp.mkcl.org/rachana.html]
[punezp.mkcl.org/tenders.html]
[punezp.mkcl.org/e-governance.html]
[punezp.mkcl.org/mahiticha-adhikar.html]
[punezp.mkcl.org/covid-19.html]
[punezp.mkcl.org/contact.html]
[punezp.mkcl.org/images/doc/MahaLabharthi Citizen Form_V2.pdf]
[punezp.mkcl.org/doc/Intercaste form full.pdf]
[punezp.mkcl.org/images/doc/covid19recruitad-1-apr-2021.pdf]
[punezp.mkcl.org/images/doc/DepartmentofPrimaryEducationSchoolAccreditation-Form-1.pdf]
[punezp.mkcl.org/images/doc/DepartmentofPrimaryEducationSchoolAccreditation-Form-Sample-letter.pdf]
[punezp.mkcl.org/cas/login093b.html]
[punezp.mkcl.org/doc/anukampa-niyukti.pdf]
[punezp.mkcl.org/images/doc/WIPRO ADVERTISE.pdf]
[punezp.mkcl.org/images/doc/Sepcialist Advertisement.pdf]
[punezp.mkcl.org/images/doc/Recruitment Merit List.pdf]
[punezp.mkcl.org/images/doc/Approved and Rejected List.pdf]
[punezp.mkcl.org/images/doc/पुणे जिप- आरोग्य विभाग कोविड १९ विशेष भरती_Ad No-2_08082020.pdf]
[punezp.mkcl.org/images/doc/मुख्याध्यापक  पदाची  तात्पुरती सेवाजेष्ठता यादी दि. ०१-०१-२०२१.pdf]
[punezp.mkcl.org/images/doc/anukampa-yadi.pdf]
[punezp.mkcl.org/images/doc/केंद्रप्रमुख  पदाची  तात्पुरती सेवाजेष्ठता यादी दि. ०१-०१-२०२१.pdf]
[punezp.mkcl.org/images/doc/वरिष्ठ सहाय्यक (लेखा) संवर्गाची दि. ०१-०१-२०२१ रोजीची तात्पुरती सेवाजेष्ठता यादी.pdf]
[punezp.mkcl.org/images/doc/कनिष्ठ सहाय्यक (लेखा) संवर्गाची दि. ०१-०१-२०२१ रोजीची तात्पुरती सेवाजेष्ठता यादी.pdf]
[punezp.mkcl.org/doc/विस्तारअधिकारी ( शिक्षण)  श्रेणी २ पदाची  तात्पुरती सेवाजेष्ठता यादी दि. ०१-०१-२०२१.pdf]
[punezp.mkcl.org/images/doc/सहाय्यक  लेखाधिकारी  संवर्गाची दि. ०१-०१-२०२१ रोजीची तात्पुरती सेवाजेष्ठता यादी.pdf]
[punezp.mkcl.org/images/doc/कनिष्ठ लेखाधिकारी  संवर्गाची दि. ०१-०१-२०२१ रोजीची तात्पुरती सेवाजेष्ठता यादी.pdf]
[punezp.mkcl.org/doc/cho.pdf]
[punezp.mkcl.org/images/doc/abhiyanta.pdf]
[punezp.mkcl.org/images/doc/BAMS MBBS Adv 17-3-210001.pdf]
[punezp.mkcl.org/departments-schemes/vitta-vibhag.html]
[punezp.mkcl.org/departments-schemes/panchayat.html]
[punezp.mkcl.org/departments-schemes/जिल्हा ग्रामीण विकास यंत्रणा.html]
[punezp.mkcl.org/departments-schemes/समाज कल्याण विभाग.html]
[punezp.mkcl.org/departments-schemes/आरोग्य विभाग.html]
[punezp.mkcl.org/departments-schemes/agri-dept.html]
[punezp.mkcl.org/departments-schemes/mahila-balkalyan-dept.html]
[punezp.mkcl.org/departments-schemes/education-dept.html]
[punezp.mkcl.org/departments-schemes/education-dept-madhyamik.html]
[connect.facebook.net/en_GB/sdk.js]
[platform.twitter.com/widgets.js]
[punezp.mkcl.org/images/maze-kutumb-maze-upjivika.jpg]
[punezp.mkcl.org/vitta-vibhag]
[punezp.mkcl.org/departments-schemes/civil-dept-south.html]
[punezp.mkcl.org/departments-schemes/civil-dept-north.html]
[punezp.mkcl.org/zp/padadhikari]
[punezp.mkcl.org/index-2.html]
[punezp.mkcl.org/index.html]
[cdnjs.cloudflare.com/ajax/libs/MaterialDesign-Webfont/4.7.95/css/materialdesignicons.css]
[punezp.mkcl.org/images/background-image/bg1.jpg]
[punezp.mkcl.org/about-district.html]
[punezp.mkcl.org/zp/index.html]
[punezp.mkcl.org/zp/about-zp.html]
[punezp.mkcl.org/zp/prashasan.html]
[punezp.mkcl.org/zp/zp-adhiniyam.html]
[punezp.mkcl.org/zp/manyavar.html]
[punezp.mkcl.org/zp/navinyapurna-upakram.html]
[punezp.mkcl.org/zp/suchi.html]
[punezp.mkcl.org/zp/budget.html]
[punezp.mkcl.org/departments-schemes/chote-pathbanchare-vibhag.html]
[punezp.mkcl.org/departments-schemes/gramin-pani.html]
[punezp.mkcl.org/departments-schemes/pashu-vibhag.html]
[punezp.mkcl.org/departments-schemes/index.html]
[punezp.mkcl.org/departments-schemes/samanya-prashasan.html]
[punezp.mkcl.org/rachana.html]
[punezp.mkcl.org/tenders.html]
[punezp.mkcl.org/e-governance.html]
[punezp.mkcl.org/mahiticha-adhikar.html]
[punezp.mkcl.org/gallery/images.html]
[punezp.mkcl.org/gallery/audio.html]
[punezp.mkcl.org/gallery/video.html]
[punezp.mkcl.org/covid-19.html]
[punezp.mkcl.org/contact.html]
[punezp.mkcl.org/gallery/documents.html]
[punezp.mkcl.org/cas/resources/new-theme/fonts/feather-icons/feather.css]
[punezp.mkcl.org/cas/resources/new-theme/fonts/material-icons/material-icons.css]
[punezp.mkcl.org/cas/resources/new-theme/fonts/mono-social-icons/monosocialiconsfont.css]
[punezp.mkcl.org/cas/resources/new-theme/css/style.css]
[punezp.mkcl.org/cas/resources/new-theme/js/jquery.min.js]
[punezp.mkcl.org/cas/resources/new-theme/js/popper.min.js]
[punezp.mkcl.org/cas/resources/new-theme/js/bootstrap.min.js]
[punezp.mkcl.org/cas/resources/new-theme/images/logo-mahalabharthi.jpg]
[punezp.mkcl.org/cas/resources/new-theme/images/logo-pune-zp.png]
[punezp.mkcl.org/zillaParishad/citizenRegistration/getRegistrationForm.html]
[punezp.mkcl.org/cas/login093b.html]
[punezp.mkcl.org/doc/विस्तारअधिकारी ( शिक्षण)  श्रेणी २ पदाची  तात्पुरती सेवाजेष्ठता यादी दि. ०१-०१-२०२१.html]
[punezp.mkcl.org/departments-schemes/vitta-vibhag.html]
[punezp.mkcl.org/departments-schemes/panchayat.html]
[punezp.mkcl.org/departments-schemes/जिल्हा ग्रामीण विकास यंत्रणा.html]
[punezp.mkcl.org/departments-schemes/समाज कल्याण विभाग.html]
[punezp.mkcl.org/departments-schemes/आरोग्य विभाग.html]
[punezp.mkcl.org/departments-schemes/agri-dept.html]
[punezp.mkcl.org/departments-schemes/mahila-balkalyan-dept.html]
[punezp.mkcl.org/departments-schemes/education-dept.html]
[punezp.mkcl.org/departments-schemes/education-dept-madhyamik.html]
[connect.facebook.net/en_GB/sdk.js]
[punezp.mkcl.org/vitta-vibhag.html]
[punezp.mkcl.org/departments-schemes/civil-dept-south.html]
[punezp.mkcl.org/departments-schemes/civil-dept-north.html]
[punezp.mkcl.org/zp/padadhikari.html]
[punezp.mkcl.org/index-2.html]
[punezp.mkcl.org/zp/index.html]
[punezp.mkcl.org/departments-schemes/chote-pathbanchare-vibhag.html]
[punezp.mkcl.org/departments-schemes/gramin-pani.html]
[punezp.mkcl.org/departments-schemes/pashu-vibhag.html]
[punezp.mkcl.org/departments-schemes/index.html]
[punezp.mkcl.org/cas/resources/js/md5_encrypt.js]
[punezp.mkcl.org/gallery/index.html]
[punezp.mkcl.org/gallery/images.html]
[punezp.mkcl.org/gallery/audio.html]
[punezp.mkcl.org/gallery/video.html]
[punezp.mkcl.org/gallery/documents.html]
[punezp.mkcl.org/cas/resources/new-theme/fonts/feather-icons/fonts/featherbf45.eot]
[punezp.mkcl.org/cas/resources/new-theme/fonts/feather-icons/fonts/featherbf45.ttf]
[punezp.mkcl.org/cas/resources/new-theme/fonts/feather-icons/fonts/featherbf45.woff]
[punezp.mkcl.org/cas/resources/new-theme/fonts/feather-icons/feather.css]
[punezp.mkcl.org/cas/resources/new-theme/fonts/feather-icons/fonts/featherbf45.svg]
[punezp.mkcl.org/cas/resources/new-theme/fonts/material-icons/MaterialIcons-Regular.eot]
[punezp.mkcl.org/cas/resources/new-theme/fonts/material-icons/MaterialIcons-Regular.woff2]
[punezp.mkcl.org/cas/resources/new-theme/fonts/material-icons/MaterialIcons-Regular.woff]
[punezp.mkcl.org/cas/resources/new-theme/fonts/material-icons/MaterialIcons-Regular.ttf]
[punezp.mkcl.org/cas/resources/new-theme/fonts/material-icons/material-icons.css]
[punezp.mkcl.org/cas/resources/new-theme/fonts/mono-social-icons/MonoSocialIconsFont-1.10.eot]
[punezp.mkcl.org/cas/resources/new-theme/fonts/mono-social-icons/MonoSocialIconsFont-1.10d41d.eot]
[punezp.mkcl.org/cas/resources/new-theme/fonts/mono-social-icons/MonoSocialIconsFont-1.10.woff]
[punezp.mkcl.org/cas/resources/new-theme/fonts/mono-social-icons/MonoSocialIconsFont-1.10.ttf]
[punezp.mkcl.org/cas/resources/new-theme/fonts/mono-social-icons/monosocialiconsfont.css]
[punezp.mkcl.org/cas/resources/new-theme/fonts/mono-social-icons/MonoSocialIconsFont-1.10.svg]
[punezp.mkcl.org/cas/resources/new-theme/fonts/montserrat/montserrat-v14-latin-200.woff2]
[punezp.mkcl.org/cas/resources/new-theme/fonts/montserrat/montserrat-v14-latin-300.woff2]
[punezp.mkcl.org/cas/resources/new-theme/fonts/montserrat/montserrat-v14-latin-regular.woff2]
[punezp.mkcl.org/cas/resources/new-theme/fonts/montserrat/montserrat-v14-latin-italic.woff2]
[punezp.mkcl.org/cas/resources/new-theme/fonts/montserrat/montserrat-v14-latin-500.woff2]
[punezp.mkcl.org/cas/resources/new-theme/fonts/montserrat/montserrat-v14-latin-600.woff2]
[punezp.mkcl.org/cas/resources/new-theme/fonts/montserrat/montserrat-v14-latin-700.woff2]
[punezp.mkcl.org/cas/resources/new-theme/fonts/roboto/roboto-v20-latin-regular.woff2]
[punezp.mkcl.org/cas/resources/new-theme/fonts/roboto/roboto-v20-latin-italic.woff2]
[punezp.mkcl.org/cas/resources/new-theme/fonts/roboto/roboto-v20-latin-700.woff2]
[punezp.mkcl.org/cas/resources/new-theme/fonts/noto-sans/noto-sans-v9-latin-regular.woff2]
[punezp.mkcl.org/cas/resources/new-theme/fonts/noto-sans/noto-sans-v9-latin-italic.woff2]
[punezp.mkcl.org/cas/resources/new-theme/fonts/noto-sans/noto-sans-v9-latin-700.woff2]
[punezp.mkcl.org/cas/resources/new-theme/images/site-bg.jpg]
[punezp.mkcl.org/cas/resources/new-theme/css/style.css]
[punezp.mkcl.org/zillaParishad/resources/new-theme/images/logo-pune-zp.png]
[punezp.mkcl.org/zillaParishad/resources/new-theme/css/style.css]
[punezp.mkcl.org/zillaParishad/resources/new-theme/js/jquery.min.js]
[punezp.mkcl.org/zillaParishad/resources/js/jquery-ui.min.js]
[punezp.mkcl.org/zillaParishad/resources/js/multiLingualSelect2.js]
[punezp.mkcl.org/zillaParishad/resources/js/form-wizard.js]
[punezp.mkcl.org/zillaParishad/resources/js/utilities.js]
[punezp.mkcl.org/zillaParishad/resources/js/Verhoeff.js]
[punezp.mkcl.org/zillaParishad/resources/new-theme/js/bootstrap.min.js]
[punezp.mkcl.org/zillaParishad/resources/style/bootstrap.min.css]
[punezp.mkcl.org/zillaParishad/resources/js/bootstrap.min.js]
[punezp.mkcl.org/zillaParishad/resources/new-theme/css/form-wizard-blue.css]
[punezp.mkcl.org/zillaParishad/resources/style/jquery-ui.min.css]
[punezp.mkcl.org/zillaParishad/resources/new-theme/css/jquery.bootstrap-touchspin.min.css]
[punezp.mkcl.org/zillaParishad/resources/new-theme/images/logo-mahalabharthi.jpg]
[punezp.mkcl.org/CDNGatewayV2/resources/public/ProjectResources/Process_flow_V2.mp4]
[punezp.mkcl.org/zillaParishad/resources/new-theme/js/material-design.js]
[punezp.mkcl.org/zillaParishad/resources/js/jquery.plugin.min.js]
[punezp.mkcl.org/zillaParishad/resources/js/axios.min.js]
[punezp.mkcl.org/zillaParishad/citizenRegistration/step2.89.delayed]
[punezp.mkcl.org/zillaParishad/citizenRegistration/step3]
[punezp.mkcl.org/zillaParishad/citizenRegistration/confirmOtp]
[punezp.mkcl.org/zillaParishad/citizenRegistration/step1Post]
[punezp.mkcl.org/zillaParishad/citizenRegistration/getRegistrationForm.html]
[punezp.mkcl.org/gallery/index.html]
[punezp.mkcl.org/cas/resources/new-theme/fonts/feather-icons/fonts/featherbf45.svg]
[punezp.mkcl.org/cas/resources/new-theme/fonts/mono-social-icons/MonoSocialIconsFont-1.10.svg]
[punezp.mkcl.org/cas/resources/new-theme/fonts/roboto/roboto-v20-latin-italic.html]
[punezp.mkcl.org/zillaParishad/resources/new-theme/fonts/montserrat/montserrat-v14-latin-200.woff2]
[punezp.mkcl.org/zillaParishad/resources/new-theme/fonts/montserrat/montserrat-v14-latin-300.woff2]
[punezp.mkcl.org/zillaParishad/resources/new-theme/fonts/montserrat/montserrat-v14-latin-regular.woff2]
[punezp.mkcl.org/zillaParishad/resources/new-theme/fonts/montserrat/montserrat-v14-latin-italic.woff2]
[punezp.mkcl.org/zillaParishad/resources/new-theme/fonts/montserrat/montserrat-v14-latin-500.woff2]
[punezp.mkcl.org/zillaParishad/resources/new-theme/fonts/montserrat/montserrat-v14-latin-600.woff2]
[punezp.mkcl.org/zillaParishad/resources/new-theme/fonts/montserrat/montserrat-v14-latin-700.woff2]
[punezp.mkcl.org/zillaParishad/resources/new-theme/fonts/roboto/roboto-v20-latin-regular.woff2]
[punezp.mkcl.org/zillaParishad/resources/new-theme/fonts/roboto/roboto-v20-latin-italic.woff2]
[punezp.mkcl.org/zillaParishad/resources/new-theme/fonts/roboto/roboto-v20-latin-700.woff2]
[punezp.mkcl.org/zillaParishad/resources/new-theme/fonts/noto-sans/noto-sans-v9-latin-regular.woff2]
[punezp.mkcl.org/zillaParishad/resources/new-theme/fonts/noto-sans/noto-sans-v9-latin-italic.woff2]
[punezp.mkcl.org/zillaParishad/resources/new-theme/fonts/noto-sans/noto-sans-v9-latin-700.woff2]
[punezp.mkcl.org/zillaParishad/resources/new-theme/images/site-bg.jpg]
[punezp.mkcl.org/zillaParishad/resources/new-theme/css/style.css]
[punezp.mkcl.org/zillaParishad/resources/fonts/glyphicons-halflings-regular.eot]
[punezp.mkcl.org/zillaParishad/resources/fonts/glyphicons-halflings-regulard41d.eot]
[punezp.mkcl.org/zillaParishad/resources/fonts/glyphicons-halflings-regular.woff2]
[punezp.mkcl.org/zillaParishad/resources/fonts/glyphicons-halflings-regular.woff]
[punezp.mkcl.org/zillaParishad/resources/fonts/glyphicons-halflings-regular.ttf]
[punezp.mkcl.org/zillaParishad/resources/fonts/glyphicons-halflings-regular.svg]
[punezp.mkcl.org/zillaParishad/resources/style/bootstrap.min.css]
[punezp.mkcl.org/zillaParishad/resources/new-theme/css/form-wizard-blue.css]
[punezp.mkcl.org/zillaParishad/resources/style/jquery-ui.min.css]
[punezp.mkcl.org/zillaParishad/resources/new-theme/css/jquery.bootstrap-touchspin.min.css]
[smallenvelop.com/wp-content/uploads/2014/08/Preloader_11.html]
[punezp.mkcl.org/zillaParishad/citizenRegistration/step2.html]
[punezp.mkcl.org/zillaParishad/citizenRegistration/step3.html]
[punezp.mkcl.org/zillaParishad/citizenRegistration/confirmOtp.html]
[punezp.mkcl.org/zillaParishad/citizenRegistration/step1Post.html]
[punezp.mkcl.org/zillaParishad/resources/new-theme/fonts/roboto/roboto-v20-latin-italic.html]
[punezp.mkcl.org/zillaParishad/resources/fonts/glyphicons-halflings-regular.html]
[punezp.mkcl.org/zillaParishad/resources/fonts/glyphicons-halflings-regulard41d.html]
[punezp.mkcl.org/zillaParishad/resources/fonts/glyphicons-halflings-regular-2.html]
[punezp.mkcl.org/zillaParishad/resources/fonts/glyphicons-halflings-regular-3.html]
[punezp.mkcl.org/zillaParishad/resources/fonts/glyphicons-halflings-regular-4.html]
[punezp.mkcl.org/zillaParishad/resources/fonts/glyphicons-halflings-regular-5.html]
